// Jest Snapshot v1, https://goo.gl/fbAQLP

exports[`renders without crashing 1`] = `"<div class=\\"availability-page\\"><div class=\\"filter-button-wrapper\\"><button class=\\"button sans-light-bold   filter-button\\"><span>Filter</span></button><button class=\\"button sans-light-bold disabled  \\"><span>Share</span></button></div><div class=\\"list-wrapper\\"><div class=\\"filter\\"><div class=\\"floating-filter hide\\"><div class=\\"floating-filter-checkbox-wrapper\\"><div class=\\"floating-filter-group\\"><div class=\\"floating-filter-item\\"><div class=\\"checkbox\\"><input type=\\"checkbox\\" name=\\"filter-checkbox-0\\" id=\\"checkbox-filter-checkbox-0\\" value=\\"1_bedrooms\\"><label for=\\"checkbox-filter-checkbox-0\\"></label></div><span class=\\"serif\\">1 Bedroom</span></div><div class=\\"floating-filter-item\\"><div class=\\"checkbox\\"><input type=\\"checkbox\\" name=\\"filter-checkbox-1\\" id=\\"checkbox-filter-checkbox-1\\" value=\\"2_bedrooms\\"><label for=\\"checkbox-filter-checkbox-1\\"></label></div><span class=\\"serif\\">2 bedroom</span></div><div class=\\"floating-filter-item\\"><div class=\\"checkbox\\"><input type=\\"checkbox\\" name=\\"filter-checkbox-2\\" id=\\"checkbox-filter-checkbox-2\\" value=\\"3_bedrooms\\"><label for=\\"checkbox-filter-checkbox-2\\"></label></div><span class=\\"serif\\">3 bedroom</span></div><div class=\\"floating-filter-item\\"><div class=\\"checkbox\\"><input type=\\"checkbox\\" name=\\"filter-checkbox-3\\" id=\\"checkbox-filter-checkbox-3\\" value=\\"4_bedrooms\\"><label for=\\"checkbox-filter-checkbox-3\\"></label></div><span class=\\"serif\\">4 bedroom</span></div><div class=\\"floating-filter-item\\"><div class=\\"checkbox\\"><input type=\\"checkbox\\" name=\\"filter-checkbox-4\\" id=\\"checkbox-filter-checkbox-4\\" value=\\"0_penthouses\\"><label for=\\"checkbox-filter-checkbox-4\\"></label></div><span class=\\"serif\\">Penthouses</span></div></div><div class=\\"floating-filter-group\\"><div class=\\"floating-filter-item\\"><div class=\\"checkbox\\"><input type=\\"checkbox\\" name=\\"filter-checkbox-5\\" id=\\"checkbox-filter-checkbox-5\\" value=\\"1-2_price\\"><label for=\\"checkbox-filter-checkbox-5\\"></label></div><span class=\\"serif\\">$1-2M</span></div><div class=\\"floating-filter-item\\"><div class=\\"checkbox\\"><input type=\\"checkbox\\" name=\\"filter-checkbox-6\\" id=\\"checkbox-filter-checkbox-6\\" value=\\"2-3_price\\"><label for=\\"checkbox-filter-checkbox-6\\"></label></div><span class=\\"serif\\">$2-3M</span></div><div class=\\"floating-filter-item\\"><div class=\\"checkbox\\"><input type=\\"checkbox\\" name=\\"filter-checkbox-7\\" id=\\"checkbox-filter-checkbox-7\\" value=\\"3-4_price\\"><label for=\\"checkbox-filter-checkbox-7\\"></label></div><span class=\\"serif\\">$3-4M</span></div><div class=\\"floating-filter-item\\"><div class=\\"checkbox\\"><input type=\\"checkbox\\" name=\\"filter-checkbox-8\\" id=\\"checkbox-filter-checkbox-8\\" value=\\"4-5_price\\"><label for=\\"checkbox-filter-checkbox-8\\"></label></div><span class=\\"serif\\">$4-5M</span></div><div class=\\"floating-filter-item\\"><div class=\\"checkbox\\"><input type=\\"checkbox\\" name=\\"filter-checkbox-9\\" id=\\"checkbox-filter-checkbox-9\\" value=\\"5_price\\"><label for=\\"checkbox-filter-checkbox-9\\"></label></div><span class=\\"serif\\">$5M+</span></div></div></div><button class=\\"button sans-light-bold   \\"><span>View</span></button></div><!-- react-text: 65 --><!-- /react-text --><div class=\\"header-filter list-row\\"><button data-filter=\\"residence\\" class=\\"filter-row list-cell\\"><span class=\\"sans filter-label\\">Residence</span><img src=\\"down_arrow_small.svg\\" alt=\\"downward arrow icon\\"></button><button data-filter=\\"bedrooms\\" class=\\"filter-row list-cell\\"><span class=\\"sans filter-label\\">Beds</span><img src=\\"down_arrow_small.svg\\" alt=\\"downward arrow icon\\"></button><button data-filter=\\"baths\\" class=\\"filter-row list-cell\\"><span class=\\"sans filter-label\\">Baths</span><img src=\\"down_arrow_small.svg\\" alt=\\"downward arrow icon\\"></button><button data-filter=\\"interior\\" class=\\"filter-row list-cell\\"><span class=\\"sans filter-label\\"><!-- react-text: 78 -->Interior <!-- /react-text --><br><!-- react-text: 80 -->sq ft/m<!-- /react-text --></span><img src=\\"down_arrow_small.svg\\" alt=\\"downward arrow icon\\"></button><button data-filter=\\"exterior\\" class=\\"filter-row list-cell\\"><span class=\\"sans filter-label\\"><!-- react-text: 84 -->Exterior <!-- /react-text --><br><!-- react-text: 86 -->sq ft/m<!-- /react-text --></span><img src=\\"down_arrow_small.svg\\" alt=\\"downward arrow icon\\"></button><button data-filter=\\"price\\" class=\\"filter-row list-cell\\"><span class=\\"sans filter-label\\">Price</span><img src=\\"down_arrow_small.svg\\" alt=\\"downward arrow icon\\"></button><button data-filter=\\"monthlycc\\" class=\\"filter-row list-cell hide-for-mobile flex\\"><span class=\\"sans filter-label\\"><!-- react-text: 93 -->est monthly <!-- /react-text --><br><!-- react-text: 95 -->c.c.<!-- /react-text --></span><img src=\\"down_arrow_small.svg\\" alt=\\"downward arrow icon\\"></button><button data-filter=\\"monthlytaxes\\" class=\\"filter-row list-cell hide-for-mobile flex\\"><span class=\\"sans filter-label\\">est monthly r.e. taxes</span><img src=\\"down_arrow_small.svg\\" alt=\\"downward arrow icon\\"></button><div class=\\"filter-row list-cell floorplan-space-keeper\\"></div></div></div><div class=\\"list\\"></div></div><img src=\\"down_arrow_large.svg\\" class=\\"arrow-down-scroll\\" alt=\\"downward arrow icon\\"><div class=\\"floorplan-overlay show\\"><button class=\\"close-btn\\"><img src=\\"close_thin_blue.svg\\" alt=\\"close btn\\" class=\\"close-btn-img\\" width=\\"25\\" height=\\"25\\"></button><div><a class=\\"button download-btn desktop sans-light-bold\\" target=\\"_blank\\" href=\\"/images/5_availability/pdfs/residence_undefined.pdf\\">DOWNLOAD</a><div class=\\"mobile-title floorplan-title sans-medium\\"><!-- react-text: 109 --><!-- /react-text --></div><div class=\\"floorplan-content\\"><div class=\\"floorplan-sidebar\\"><div class=\\"floorplan-info mobile-stacked\\"><div class=\\"desktop-title floorplan-title sans-medium\\"><!-- react-text: 114 --><!-- /react-text --></div><div class=\\"floorplan-bedrooms serif\\"><span class=\\"mobile-info-label label sans\\">BEDROOMS</span><span class=\\"mobile-info info serif\\"></span><span class=\\"desktop-info\\">undefined BEDROOMS</span></div><div class=\\"floorplan-bathrooms serif\\"><span class=\\"mobile-info-label label sans\\">BATHROOMS</span><span class=\\"mobile-info info serif\\"></span><span class=\\"desktop-info\\">undefined  BATHROOMS</span></div><div class=\\"floorplan-interior serif\\"><span class=\\"mobile-info-label label sans\\">INTERIOR SQ FT/M</span><span class=\\"mobile-info info serif\\"><!-- react-text: 126 -->undefined<!-- /react-text --><!-- react-text: 127 -->/<!-- /react-text --><!-- react-text: 128 -->NaN<!-- /react-text --><!-- react-text: 129 --> *<!-- /react-text --></span><span class=\\"desktop-info\\"><!-- react-text: 131 -->undefined<!-- /react-text --><!-- react-text: 132 --> SQ FT | <!-- /react-text --><!-- react-text: 133 -->NaN<!-- /react-text --><!-- react-text: 134 --> SQ M *<!-- /react-text --></span></div><!-- react-text: 135 --><!-- /react-text --><div class=\\"floorplan-interior serif\\"><span class=\\"mobile-info-label label sans\\">PRICE</span><span class=\\"mobile-info info serif\\"><!-- react-text: 139 -->$<!-- /react-text --><!-- react-text: 140 -->undefined<!-- /react-text --></span><span class=\\"desktop-info\\"><!-- react-text: 142 -->$<!-- /react-text --><!-- react-text: 143 -->undefined<!-- /react-text --></span></div></div><div class=\\"desktop-keys floorplan-keys\\"><img src=\\"/images/5_availability/keys/residence_undefined_key.svg\\" alt=\\"\\"></div><div class=\\"floorplan-info floorplan-footer\\"><p class=\\"serif\\">* Square footage is approximate</p></div></div><div class=\\"floorplan-wrapper\\" id=\\"residence-undefined\\"><p class=\\"dbxd-no-print\\">Printing these floorplans is not allowed.</p><div class=\\"dbxd-floorplan-layout\\"><div class=\\"dbxd-floorplan-wrapper\\"><span class=\\"react-draggable\\"><div class=\\"dbxd-floorplan desktop-fp\\" style=\\"background-image: url(/images/5_availability/floorplans/residence_undefined.svg);\\"></div><img src=\\"/images/5_availability/floorplans/residence_undefined.svg\\" class=\\"dbxd-floorplan mobile-fp\\"></span><div class=\\"dbxd-tutorial-wrapper show\\"><div class=\\"dbxd-tutorial-list\\"><button title=\\"close info window button\\" class=\\"dbxd-close\\"><img src=\\"close_thin.svg\\" alt=\\"close floorplan\\"></button><div class=\\"sans dbxd-feat pan_clickdrag\\"><!-- react-text: 160 -->Click to zoom. Click and drag to pan.<!-- /react-text --><br><!-- react-text: 162 -->Pinch to zoom on mobile and tablet.<!-- /react-text --></div></div></div></div><button title=\\"Show Intructions\\" class=\\"serif detail-info-button dbxd-instructions-icon hide \\">i</button></div></div><div class=\\"mobile-keys floorplan-keys\\"><img class=\\"desktop-key\\" src=\\"/images/5_availability/keys/residence_undefined_key.svg\\" alt=\\"Stacked Floor Layout for Residence undefined\\"><img class=\\"mobile-key\\" src=\\"/images/5_availability/keys/residence_undefined_key_horizontal.svg\\" alt=\\"Horizontal Floor Layout for Residence undefined\\"></div></div></div></div></div>"`;
