// Jest Snapshot v1, https://goo.gl/fbAQLP

exports[`renders without crashing 1`] = `"<div class=\\"slider-parent\\"><div class=\\"slick-initialized slick-slider building-slider\\"><div class=\\"slick-list\\"><div class=\\"slick-track\\" style=\\"opacity: 1;\\"><div class=\\"slick-slide slick-active slick-intro-slide slick-section\\" data-section=\\"Intro\\" data-index=\\"0\\" tabindex=\\"-1\\" style=\\"outline: none; width: 0px;\\"><div class=\\"div\\"><div class=\\"inner\\"><div class=\\"image-wrapper\\"><div class=\\"loading-wrapper img\\"><i class=\\"loading\\"></i></div><div class=\\"loading-wrapper \\"><i class=\\"loading\\"></i></div><div class=\\"caption-wrapper\\"><h1 class=\\"sans-bold\\">A Modern Renaissance</h1><p class=\\"serif\\">108 Leonard pays homage to the most coveted elements of an architectural masterpiece, including dramatic details of scale, proportion, and volume. Ornamental majesty and historic provenance are paired anew with fresh, modern forms and contemporary design priorities.</p></div></div><p class=\\"caption serif-bold\\"></p></div></div></div><div data-section=\\"Property\\" class=\\"slick-slide slick-section\\" data-index=\\"1\\" tabindex=\\"-1\\" style=\\"outline: none; width: 0px;\\"><div class=\\"inner\\"><h3 data-section=\\"Property\\" class=\\"newsection mobile-section sans-light-bold\\"><!-- react-text: 20 -->Building<!-- /react-text --><!-- react-text: 21 --> |  <!-- /react-text --><!-- react-text: 22 -->Property<!-- /react-text --></h3><div class=\\"image-wrapper\\"><div class=\\"loading-wrapper \\"><i class=\\"loading\\"></i></div><!-- react-text: 26 --><!-- /react-text --><button class=\\"serif detail-info-button show\\">i</button><div class=\\"detail-info-wrapper slideDown\\"><div class=\\"serif\\">Residents may choose from distinct entrances on Leonard Street, Broadway and Lafayette Street.</div><button class=\\"serif close-detail-info-button\\"><img class=\\"close-img\\" src=\\"close_thin.svg\\" alt=\\"close detail caption\\"></button></div></div><p class=\\"caption serif-bold\\">Grand entrance on Leonard Street</p></div></div><div data-section=\\"Property\\" class=\\"slick-slide slick-section\\" data-index=\\"2\\" tabindex=\\"-1\\" style=\\"outline: none; width: 0px;\\"><div class=\\"inner\\"><!-- react-text: 35 --><!-- /react-text --><div class=\\"image-wrapper\\"><div class=\\"loading-wrapper \\"><i class=\\"loading\\"></i></div><!-- react-text: 39 --><!-- /react-text --><!-- react-text: 40 --><!-- /react-text --><!-- react-text: 41 --><!-- /react-text --></div><p class=\\"caption serif-bold\\">A meticulously restored McKim Mead &amp; White landmark</p></div></div><div data-section=\\"Entrance\\" class=\\"slick-slide slick-section\\" data-index=\\"3\\" tabindex=\\"-1\\" style=\\"outline: none; width: 0px;\\"><div class=\\"inner\\"><!-- react-text: 45 --><!-- /react-text --><div class=\\"image-wrapper\\"><div class=\\"loading-wrapper \\"><i class=\\"loading\\"></i></div><!-- react-text: 49 --><!-- /react-text --><button class=\\"serif detail-info-button show\\">i</button><div class=\\"detail-info-wrapper slideDown\\"><div class=\\"serif\\">Award-winning hospitality design firm Jeffrey Beers International has masterfully imbued a distinctly contemporary yet timeless point of view within Tribeca's most iconic century-old building.</div><button class=\\"serif close-detail-info-button\\"><img class=\\"close-img\\" src=\\"close_thin.svg\\" alt=\\"close detail caption\\"></button></div></div><p class=\\"caption serif-bold\\">Double-height lobby on Leonard Street</p></div></div><div data-section=\\"Entrance\\" class=\\"slick-slide slick-section\\" data-index=\\"4\\" tabindex=\\"-1\\" style=\\"outline: none; width: 0px;\\"><div class=\\"inner\\"><!-- react-text: 58 --><!-- /react-text --><div class=\\"image-wrapper\\"><div class=\\"loading-wrapper \\"><i class=\\"loading\\"></i></div><!-- react-text: 62 --><!-- /react-text --><button class=\\"serif detail-info-button show\\">i</button><div class=\\"detail-info-wrapper slideDown\\"><div class=\\"serif\\">Private heated indoor motor reception and private parking (for sale).</div><button class=\\"serif close-detail-info-button\\"><img class=\\"close-img\\" src=\\"close_thin.svg\\" alt=\\"close detail caption\\"></button></div></div><p class=\\"caption serif-bold\\">Motor reception</p></div></div></div></div><ul class=\\"slick-dots\\" style=\\"display: block;\\"><li class=\\"slick-active\\"><button>1</button></li><li class=\\"\\"><button>2</button></li><li class=\\"\\"><button>3</button></li><li class=\\"\\"><button>4</button></li><li class=\\"\\"><button>5</button></li></ul></div><button class=\\"custom-arrow prev-arrow fade\\"><img src=\\"prev_arrow.svg\\" alt=\\"arrow to prev slide\\"></button><button class=\\"custom-arrow next-arrow\\"><img src=\\"next_arrow.svg\\" alt=\\"arrow to next slide\\"></button><a class=\\"nav-anchor serif-bold next-button\\" aria-current=\\"false\\" href=\\"/residences/\\"><span><!-- react-text: 75 -->Go to <!-- /react-text --><!-- react-text: 76 -->Residences<!-- /react-text --></span><img src=\\"next_arrow.svg\\" alt=\\"arrow to take you to next carousel page\\"></a></div>"`;
