// Jest Snapshot v1, https://goo.gl/fbAQLP

exports[`renders without crashing 1`] = `
<div
  className="mid-block"
>
  <h1>
    404 page not found :(
  </h1>
</div>
`;
