// Jest Snapshot v1, https://goo.gl/fbAQLP

exports[`renders without crashing 1`] = `"<div class=\\"press-wrapper \\"><ul class=\\"press-list \\"><li class=\\"press-item-wrapper\\"><div class=\\"press-item\\"><a aria-current=\\"false\\" href=\\"/press/new-york-times/luxury-conversion-downtown/\\"><h2 class=\\"publication sans-light-bold upper\\">New York Times</h2><h5 class=\\"title sans\\">Luxury Conversion Downtown</h5><h5 class=\\"date sans\\">9.10.17</h5></a></div></li><li class=\\"press-item-wrapper\\"><div class=\\"press-item\\"><a aria-current=\\"false\\" href=\\"/press/wallpaper/100k-luxury-conversion-downtown/\\"><h2 class=\\"publication sans-light-bold upper\\">Wallpaper</h2><h5 class=\\"title sans\\">$100K Luxury Conversion Downtown</h5><h5 class=\\"date sans\\">9.10.17</h5></a></div></li><li class=\\"press-item-wrapper\\"><div class=\\"press-item\\"><a aria-current=\\"false\\" href=\\"/press/the-real-deal/luxury-conversion-downtown/\\"><h2 class=\\"publication sans-light-bold upper\\">The Real Deal</h2><h5 class=\\"title sans\\">Luxury Conversion Downtown</h5><h5 class=\\"date sans\\">9.10.17</h5></a></div></li><li class=\\"press-item-wrapper\\"><div class=\\"press-item\\"><a aria-current=\\"false\\" href=\\"/press/architects-newspaper/luxury-conversion-downtown/\\"><h2 class=\\"publication sans-light-bold upper\\">Architects Newspaper</h2><h5 class=\\"title sans\\">Luxury Conversion Downtown</h5><h5 class=\\"date sans\\">9.10.17</h5></a></div></li><li class=\\"press-item-wrapper\\"><div class=\\"press-item\\"><a aria-current=\\"false\\" href=\\"/press/curbedcom/luxury-conversion-downtown/\\"><h2 class=\\"publication sans-light-bold upper\\">Curbed.com</h2><h5 class=\\"title sans\\">Luxury Conversion Downtown</h5><h5 class=\\"date sans\\">9.10.17</h5></a></div></li><li class=\\"press-item-wrapper\\"><div class=\\"press-item\\"><a aria-current=\\"false\\" href=\\"/press/forbes/luxury-conversion-downtown/\\"><h2 class=\\"publication sans-light-bold upper\\">Forbes</h2><h5 class=\\"title sans\\">Luxury Conversion Downtown</h5><h5 class=\\"date sans\\">9.10.17</h5></a></div></li></ul><img src=\\"down_arrow_large.svg\\" class=\\"arrow-down-scroll\\" alt=\\"downward arrow icon\\"></div>"`;
